// Jest Snapshot v1, https://goo.gl/fbAQLP

exports[`GithubRepository should get commits 1`] = `
Array [
  Object {
    "author": "someUser",
    "createdAt": 2018-12-13T14:33:21.000Z,
    "linesAdded": 17,
    "linesRemoved": 21,
    "message": "ORG-5917
- some comment",
    "pullRequest": Object {
      "numberOfComments": 6,
      "numberOfDaysOpen": 0,
      "prId": 177,
    },
    "sha": "2a20a913d0159b1105e1be9f398d95a73e1a8129",
  },
  Object {
    "author": "someUser",
    "createdAt": 2018-12-13T14:33:21.000Z,
    "linesAdded": 17,
    "linesRemoved": 21,
    "message": "ORG-5917
- some comment",
    "pullRequest": Object {
      "numberOfComments": 6,
      "numberOfDaysOpen": 0,
      "prId": 177,
    },
    "sha": "2a20a913d0159b1105e1be9f398d95a73e1a8129",
  },
  Object {
    "author": "someUser",
    "createdAt": 2018-12-13T14:33:21.000Z,
    "linesAdded": 17,
    "linesRemoved": 21,
    "message": "ORG-5917
- some comment",
    "pullRequest": Object {
      "numberOfComments": 6,
      "numberOfDaysOpen": 0,
      "prId": 177,
    },
    "sha": "2a20a913d0159b1105e1be9f398d95a73e1a8129",
  },
  Object {
    "author": "someUser",
    "createdAt": 2018-12-13T14:33:21.000Z,
    "linesAdded": 17,
    "linesRemoved": 21,
    "message": "ORG-5917
- some comment",
    "pullRequest": Object {
      "numberOfComments": 6,
      "numberOfDaysOpen": 0,
      "prId": 177,
    },
    "sha": "2a20a913d0159b1105e1be9f398d95a73e1a8129",
  },
  Object {
    "author": "someUser",
    "createdAt": 2018-12-13T14:33:21.000Z,
    "linesAdded": 17,
    "linesRemoved": 21,
    "message": "ORG-5917
- some comment",
    "pullRequest": Object {
      "numberOfComments": 6,
      "numberOfDaysOpen": 0,
      "prId": 177,
    },
    "sha": "2a20a913d0159b1105e1be9f398d95a73e1a8129",
  },
]
`;
